C:/TouchGFXProjects/RRR/Core/Src/stm32f4xx_hal_msp.c:65:6:HAL_MspInit	8	static
C:/TouchGFXProjects/RRR/Core/Src/stm32f4xx_hal_msp.c:89:6:HAL_ADC_MspInit	48	static
C:/TouchGFXProjects/RRR/Core/Src/stm32f4xx_hal_msp.c:142:6:HAL_ADC_MspDeInit	8	static
C:/TouchGFXProjects/RRR/Core/Src/stm32f4xx_hal_msp.c:173:6:HAL_CRC_MspInit	8	static
C:/TouchGFXProjects/RRR/Core/Src/stm32f4xx_hal_msp.c:195:6:HAL_CRC_MspDeInit	0	static
C:/TouchGFXProjects/RRR/Core/Src/stm32f4xx_hal_msp.c:217:6:HAL_DMA2D_MspInit	16	static
C:/TouchGFXProjects/RRR/Core/Src/stm32f4xx_hal_msp.c:242:6:HAL_DMA2D_MspDeInit	0	static
C:/TouchGFXProjects/RRR/Core/Src/stm32f4xx_hal_msp.c:267:6:HAL_I2C_MspInit	64	static
C:/TouchGFXProjects/RRR/Core/Src/stm32f4xx_hal_msp.c:315:6:HAL_I2C_MspDeInit	8	static
C:/TouchGFXProjects/RRR/Core/Src/stm32f4xx_hal_msp.c:346:6:HAL_LTDC_MspInit	72	static
C:/TouchGFXProjects/RRR/Core/Src/stm32f4xx_hal_msp.c:458:6:HAL_LTDC_MspDeInit	8	static
C:/TouchGFXProjects/RRR/Core/Src/stm32f4xx_hal_msp.c:520:6:HAL_SPI_MspInit	40	static
C:/TouchGFXProjects/RRR/Core/Src/stm32f4xx_hal_msp.c:557:6:HAL_SPI_MspDeInit	0	static
C:/TouchGFXProjects/RRR/Core/Src/stm32f4xx_hal_msp.c:689:6:HAL_SDRAM_MspInit	48	static
C:/TouchGFXProjects/RRR/Core/Src/stm32f4xx_hal_msp.c:775:6:HAL_SDRAM_MspDeInit	8	static
