../../Middlewares/ST/touchgfx/framework/include/touchgfx/Screen.hpp:104:18:virtual void touchgfx::Screen::afterTransition()	0	static
../../Middlewares/ST/touchgfx/framework/include/touchgfx/Screen.hpp:144:18:virtual void touchgfx::Screen::handleTickEvent()	0	static
../../Middlewares/ST/touchgfx/framework/include/touchgfx/Screen.hpp:154:18:virtual void touchgfx::Screen::handleKeyEvent(uint8_t)	0	static
../../TouchGFX/gui/include/gui/racescreen_screen/RaceScreenView.hpp:11:13:RaceScreenView::~RaceScreenView()	0	static
C:/TouchGFXProjects/RRR/TouchGFX/gui/src/racescreen_screen/RaceScreenView.cpp:13:6:virtual void RaceScreenView::tearDownScreen()	0	static
C:/TouchGFXProjects/RRR/TouchGFX/gui/src/racescreen_screen/RaceScreenView.cpp:8:6:virtual void RaceScreenView::setupScreen()	0	static
../../TouchGFX/gui/include/gui/racescreen_screen/RaceScreenView.hpp:11:13:virtual RaceScreenView::~RaceScreenView()	8	static
C:/TouchGFXProjects/RRR/TouchGFX/gui/src/racescreen_screen/RaceScreenView.cpp:3:1:RaceScreenView::RaceScreenView()	8	static
