11:10:07 **** Incremental Build of configuration Debug for project STM32CubeIDE ****
make -j8 all 
arm-none-eabi-g++ "C:/TouchGFXProjects/RRR/TouchGFX/gui/src/racescreen_screen/RaceScreenPresenter.cpp" -mcpu=cortex-m4 -std=gnu++14 -g3 -DUSE_HAL_DRIVER -DDEBUG -DSTM32F429xx -c -I../../Core/Inc -I../../Drivers/CMSIS/Include -I../../Drivers/BSP -I../../TouchGFX/target -I../../Drivers/CMSIS/Device/ST/STM32F4xx/Include -I../../TouchGFX/App -I../../Middlewares/Third_Party/FreeRTOS/Source/CMSIS_RTOS_V2 -I../../TouchGFX/target/generated -I../../Middlewares/Third_Party/FreeRTOS/Source/include -I../../Drivers/STM32F4xx_HAL_Driver/Inc/Legacy -I../../Middlewares/Third_Party/FreeRTOS/Source/portable/GCC/ARM_CM4F -I../../Drivers/STM32F4xx_HAL_Driver/Inc -I../../Middlewares/ST/touchgfx/framework/include -I../../TouchGFX/generated/fonts/include -I../../TouchGFX/generated/gui_generated/include -I../../TouchGFX/generated/images/include -I../../TouchGFX/generated/texts/include -I../../TouchGFX/generated/videos/include -I../../TouchGFX/gui/include -Os -ffunction-sections -fdata-sections -fno-exceptions -fno-rtti -fno-use-cxa-atexit -Wall -femit-class-debug-always -fstack-usage -MMD -MP -MF"Application/User/gui/RaceScreenPresenter.d" -MT"Application/User/gui/RaceScreenPresenter.o" --specs=nano.specs -mfpu=fpv4-sp-d16 -mfloat-abi=hard -mthumb -o "Application/User/gui/RaceScreenPresenter.o"
arm-none-eabi-g++ "C:/TouchGFXProjects/RRR/TouchGFX/gui/src/racescreen_screen/RaceScreenView.cpp" -mcpu=cortex-m4 -std=gnu++14 -g3 -DUSE_HAL_DRIVER -DDEBUG -DSTM32F429xx -c -I../../Core/Inc -I../../Drivers/CMSIS/Include -I../../Drivers/BSP -I../../TouchGFX/target -I../../Drivers/CMSIS/Device/ST/STM32F4xx/Include -I../../TouchGFX/App -I../../Middlewares/Third_Party/FreeRTOS/Source/CMSIS_RTOS_V2 -I../../TouchGFX/target/generated -I../../Middlewares/Third_Party/FreeRTOS/Source/include -I../../Drivers/STM32F4xx_HAL_Driver/Inc/Legacy -I../../Middlewares/Third_Party/FreeRTOS/Source/portable/GCC/ARM_CM4F -I../../Drivers/STM32F4xx_HAL_Driver/Inc -I../../Middlewares/ST/touchgfx/framework/include -I../../TouchGFX/generated/fonts/include -I../../TouchGFX/generated/gui_generated/include -I../../TouchGFX/generated/images/include -I../../TouchGFX/generated/texts/include -I../../TouchGFX/generated/videos/include -I../../TouchGFX/gui/include -Os -ffunction-sections -fdata-sections -fno-exceptions -fno-rtti -fno-use-cxa-atexit -Wall -femit-class-debug-always -fstack-usage -MMD -MP -MF"Application/User/gui/RaceScreenView.d" -MT"Application/User/gui/RaceScreenView.o" --specs=nano.specs -mfpu=fpv4-sp-d16 -mfloat-abi=hard -mthumb -o "Application/User/gui/RaceScreenView.o"
arm-none-eabi-g++ "C:/TouchGFXProjects/RRR/TouchGFX/generated/gui_generated/src/common/FrontendApplicationBase.cpp" -mcpu=cortex-m4 -std=gnu++14 -g3 -DUSE_HAL_DRIVER -DDEBUG -DSTM32F429xx -c -I../../Core/Inc -I../../Drivers/CMSIS/Include -I../../Drivers/BSP -I../../TouchGFX/target -I../../Drivers/CMSIS/Device/ST/STM32F4xx/Include -I../../TouchGFX/App -I../../Middlewares/Third_Party/FreeRTOS/Source/CMSIS_RTOS_V2 -I../../TouchGFX/target/generated -I../../Middlewares/Third_Party/FreeRTOS/Source/include -I../../Drivers/STM32F4xx_HAL_Driver/Inc/Legacy -I../../Middlewares/Third_Party/FreeRTOS/Source/portable/GCC/ARM_CM4F -I../../Drivers/STM32F4xx_HAL_Driver/Inc -I../../Middlewares/ST/touchgfx/framework/include -I../../TouchGFX/generated/fonts/include -I../../TouchGFX/generated/gui_generated/include -I../../TouchGFX/generated/images/include -I../../TouchGFX/generated/texts/include -I../../TouchGFX/generated/videos/include -I../../TouchGFX/gui/include -Os -ffunction-sections -fdata-sections -fno-exceptions -fno-rtti -fno-use-cxa-atexit -Wall -femit-class-debug-always -fstack-usage -MMD -MP -MF"Application/User/generated/FrontendApplicationBase.d" -MT"Application/User/generated/FrontendApplicationBase.o" --specs=nano.specs -mfpu=fpv4-sp-d16 -mfloat-abi=hard -mthumb -o "Application/User/generated/FrontendApplicationBase.o"
arm-none-eabi-g++ "C:/TouchGFXProjects/RRR/TouchGFX/generated/gui_generated/src/racescreen_screen/RaceScreenViewBase.cpp" -mcpu=cortex-m4 -std=gnu++14 -g3 -DUSE_HAL_DRIVER -DDEBUG -DSTM32F429xx -c -I../../Core/Inc -I../../Drivers/CMSIS/Include -I../../Drivers/BSP -I../../TouchGFX/target -I../../Drivers/CMSIS/Device/ST/STM32F4xx/Include -I../../TouchGFX/App -I../../Middlewares/Third_Party/FreeRTOS/Source/CMSIS_RTOS_V2 -I../../TouchGFX/target/generated -I../../Middlewares/Third_Party/FreeRTOS/Source/include -I../../Drivers/STM32F4xx_HAL_Driver/Inc/Legacy -I../../Middlewares/Third_Party/FreeRTOS/Source/portable/GCC/ARM_CM4F -I../../Drivers/STM32F4xx_HAL_Driver/Inc -I../../Middlewares/ST/touchgfx/framework/include -I../../TouchGFX/generated/fonts/include -I../../TouchGFX/generated/gui_generated/include -I../../TouchGFX/generated/images/include -I../../TouchGFX/generated/texts/include -I../../TouchGFX/generated/videos/include -I../../TouchGFX/gui/include -Os -ffunction-sections -fdata-sections -fno-exceptions -fno-rtti -fno-use-cxa-atexit -Wall -femit-class-debug-always -fstack-usage -MMD -MP -MF"Application/User/generated/RaceScreenViewBase.d" -MT"Application/User/generated/RaceScreenViewBase.o" --specs=nano.specs -mfpu=fpv4-sp-d16 -mfloat-abi=hard -mthumb -o "Application/User/generated/RaceScreenViewBase.o"
arm-none-eabi-g++ "C:/TouchGFXProjects/RRR/TouchGFX/generated/images/src/image_start.cpp" -mcpu=cortex-m4 -std=gnu++14 -g3 -DUSE_HAL_DRIVER -DDEBUG -DSTM32F429xx -c -I../../Core/Inc -I../../Drivers/CMSIS/Include -I../../Drivers/BSP -I../../TouchGFX/target -I../../Drivers/CMSIS/Device/ST/STM32F4xx/Include -I../../TouchGFX/App -I../../Middlewares/Third_Party/FreeRTOS/Source/CMSIS_RTOS_V2 -I../../TouchGFX/target/generated -I../../Middlewares/Third_Party/FreeRTOS/Source/include -I../../Drivers/STM32F4xx_HAL_Driver/Inc/Legacy -I../../Middlewares/Third_Party/FreeRTOS/Source/portable/GCC/ARM_CM4F -I../../Drivers/STM32F4xx_HAL_Driver/Inc -I../../Middlewares/ST/touchgfx/framework/include -I../../TouchGFX/generated/fonts/include -I../../TouchGFX/generated/gui_generated/include -I../../TouchGFX/generated/images/include -I../../TouchGFX/generated/texts/include -I../../TouchGFX/generated/videos/include -I../../TouchGFX/gui/include -Os -ffunction-sections -fdata-sections -fno-exceptions -fno-rtti -fno-use-cxa-atexit -Wall -femit-class-debug-always -fstack-usage -MMD -MP -MF"Application/User/generated/image_start.d" -MT"Application/User/generated/image_start.o" --specs=nano.specs -mfpu=fpv4-sp-d16 -mfloat-abi=hard -mthumb -o "Application/User/generated/image_start.o"
arm-none-eabi-g++ "C:/TouchGFXProjects/RRR/TouchGFX/generated/images/src/image_start_btn.cpp" -mcpu=cortex-m4 -std=gnu++14 -g3 -DUSE_HAL_DRIVER -DDEBUG -DSTM32F429xx -c -I../../Core/Inc -I../../Drivers/CMSIS/Include -I../../Drivers/BSP -I../../TouchGFX/target -I../../Drivers/CMSIS/Device/ST/STM32F4xx/Include -I../../TouchGFX/App -I../../Middlewares/Third_Party/FreeRTOS/Source/CMSIS_RTOS_V2 -I../../TouchGFX/target/generated -I../../Middlewares/Third_Party/FreeRTOS/Source/include -I../../Drivers/STM32F4xx_HAL_Driver/Inc/Legacy -I../../Middlewares/Third_Party/FreeRTOS/Source/portable/GCC/ARM_CM4F -I../../Drivers/STM32F4xx_HAL_Driver/Inc -I../../Middlewares/ST/touchgfx/framework/include -I../../TouchGFX/generated/fonts/include -I../../TouchGFX/generated/gui_generated/include -I../../TouchGFX/generated/images/include -I../../TouchGFX/generated/texts/include -I../../TouchGFX/generated/videos/include -I../../TouchGFX/gui/include -Os -ffunction-sections -fdata-sections -fno-exceptions -fno-rtti -fno-use-cxa-atexit -Wall -femit-class-debug-always -fstack-usage -MMD -MP -MF"Application/User/generated/image_start_btn.d" -MT"Application/User/generated/image_start_btn.o" --specs=nano.specs -mfpu=fpv4-sp-d16 -mfloat-abi=hard -mthumb -o "Application/User/generated/image_start_btn.o"
arm-none-eabi-g++ "C:/TouchGFXProjects/RRR/TouchGFX/target/generated/STM32DMA.cpp" -mcpu=cortex-m4 -std=gnu++14 -g3 -DUSE_HAL_DRIVER -DDEBUG -DSTM32F429xx -c -I../../Core/Inc -I../../Drivers/CMSIS/Include -I../../Drivers/BSP -I../../TouchGFX/target -I../../Drivers/CMSIS/Device/ST/STM32F4xx/Include -I../../TouchGFX/App -I../../Middlewares/Third_Party/FreeRTOS/Source/CMSIS_RTOS_V2 -I../../TouchGFX/target/generated -I../../Middlewares/Third_Party/FreeRTOS/Source/include -I../../Drivers/STM32F4xx_HAL_Driver/Inc/Legacy -I../../Middlewares/Third_Party/FreeRTOS/Source/portable/GCC/ARM_CM4F -I../../Drivers/STM32F4xx_HAL_Driver/Inc -I../../Middlewares/ST/touchgfx/framework/include -I../../TouchGFX/generated/fonts/include -I../../TouchGFX/generated/gui_generated/include -I../../TouchGFX/generated/images/include -I../../TouchGFX/generated/texts/include -I../../TouchGFX/generated/videos/include -I../../TouchGFX/gui/include -Os -ffunction-sections -fdata-sections -fno-exceptions -fno-rtti -fno-use-cxa-atexit -Wall -femit-class-debug-always -fstack-usage -MMD -MP -MF"Application/User/TouchGFX/target/generated/STM32DMA.d" -MT"Application/User/TouchGFX/target/generated/STM32DMA.o" --specs=nano.specs -mfpu=fpv4-sp-d16 -mfloat-abi=hard -mthumb -o "Application/User/TouchGFX/target/generated/STM32DMA.o"
arm-none-eabi-g++ "C:/TouchGFXProjects/RRR/TouchGFX/target/generated/TouchGFXConfiguration.cpp" -mcpu=cortex-m4 -std=gnu++14 -g3 -DUSE_HAL_DRIVER -DDEBUG -DSTM32F429xx -c -I../../Core/Inc -I../../Drivers/CMSIS/Include -I../../Drivers/BSP -I../../TouchGFX/target -I../../Drivers/CMSIS/Device/ST/STM32F4xx/Include -I../../TouchGFX/App -I../../Middlewares/Third_Party/FreeRTOS/Source/CMSIS_RTOS_V2 -I../../TouchGFX/target/generated -I../../Middlewares/Third_Party/FreeRTOS/Source/include -I../../Drivers/STM32F4xx_HAL_Driver/Inc/Legacy -I../../Middlewares/Third_Party/FreeRTOS/Source/portable/GCC/ARM_CM4F -I../../Drivers/STM32F4xx_HAL_Driver/Inc -I../../Middlewares/ST/touchgfx/framework/include -I../../TouchGFX/generated/fonts/include -I../../TouchGFX/generated/gui_generated/include -I../../TouchGFX/generated/images/include -I../../TouchGFX/generated/texts/include -I../../TouchGFX/generated/videos/include -I../../TouchGFX/gui/include -Os -ffunction-sections -fdata-sections -fno-exceptions -fno-rtti -fno-use-cxa-atexit -Wall -femit-class-debug-always -fstack-usage -MMD -MP -MF"Application/User/TouchGFX/target/generated/TouchGFXConfiguration.d" -MT"Application/User/TouchGFX/target/generated/TouchGFXConfiguration.o" --specs=nano.specs -mfpu=fpv4-sp-d16 -mfloat-abi=hard -mthumb -o "Application/User/TouchGFX/target/generated/TouchGFXConfiguration.o"
arm-none-eabi-g++ "C:/TouchGFXProjects/RRR/TouchGFX/target/generated/TouchGFXGeneratedHAL.cpp" -mcpu=cortex-m4 -std=gnu++14 -g3 -DUSE_HAL_DRIVER -DDEBUG -DSTM32F429xx -c -I../../Core/Inc -I../../Drivers/CMSIS/Include -I../../Drivers/BSP -I../../TouchGFX/target -I../../Drivers/CMSIS/Device/ST/STM32F4xx/Include -I../../TouchGFX/App -I../../Middlewares/Third_Party/FreeRTOS/Source/CMSIS_RTOS_V2 -I../../TouchGFX/target/generated -I../../Middlewares/Third_Party/FreeRTOS/Source/include -I../../Drivers/STM32F4xx_HAL_Driver/Inc/Legacy -I../../Middlewares/Third_Party/FreeRTOS/Source/portable/GCC/ARM_CM4F -I../../Drivers/STM32F4xx_HAL_Driver/Inc -I../../Middlewares/ST/touchgfx/framework/include -I../../TouchGFX/generated/fonts/include -I../../TouchGFX/generated/gui_generated/include -I../../TouchGFX/generated/images/include -I../../TouchGFX/generated/texts/include -I../../TouchGFX/generated/videos/include -I../../TouchGFX/gui/include -Os -ffunction-sections -fdata-sections -fno-exceptions -fno-rtti -fno-use-cxa-atexit -Wall -femit-class-debug-always -fstack-usage -MMD -MP -MF"Application/User/TouchGFX/target/generated/TouchGFXGeneratedHAL.d" -MT"Application/User/TouchGFX/target/generated/TouchGFXGeneratedHAL.o" --specs=nano.specs -mfpu=fpv4-sp-d16 -mfloat-abi=hard -mthumb -o "Application/User/TouchGFX/target/generated/TouchGFXGeneratedHAL.o"
arm-none-eabi-g++ "C:/TouchGFXProjects/RRR/TouchGFX/target/TouchGFXHAL.cpp" -mcpu=cortex-m4 -std=gnu++14 -g3 -DUSE_HAL_DRIVER -DDEBUG -DSTM32F429xx -c -I../../Core/Inc -I../../Drivers/CMSIS/Include -I../../Drivers/BSP -I../../TouchGFX/target -I../../Drivers/CMSIS/Device/ST/STM32F4xx/Include -I../../TouchGFX/App -I../../Middlewares/Third_Party/FreeRTOS/Source/CMSIS_RTOS_V2 -I../../TouchGFX/target/generated -I../../Middlewares/Third_Party/FreeRTOS/Source/include -I../../Drivers/STM32F4xx_HAL_Driver/Inc/Legacy -I../../Middlewares/Third_Party/FreeRTOS/Source/portable/GCC/ARM_CM4F -I../../Drivers/STM32F4xx_HAL_Driver/Inc -I../../Middlewares/ST/touchgfx/framework/include -I../../TouchGFX/generated/fonts/include -I../../TouchGFX/generated/gui_generated/include -I../../TouchGFX/generated/images/include -I../../TouchGFX/generated/texts/include -I../../TouchGFX/generated/videos/include -I../../TouchGFX/gui/include -Os -ffunction-sections -fdata-sections -fno-exceptions -fno-rtti -fno-use-cxa-atexit -Wall -femit-class-debug-always -fstack-usage -MMD -MP -MF"Application/User/TouchGFX/target/TouchGFXHAL.d" -MT"Application/User/TouchGFX/target/TouchGFXHAL.o" --specs=nano.specs -mfpu=fpv4-sp-d16 -mfloat-abi=hard -mthumb -o "Application/User/TouchGFX/target/TouchGFXHAL.o"
arm-none-eabi-gcc "C:/TouchGFXProjects/RRR/Core/Src/freertos.c" -mcpu=cortex-m4 -std=gnu11 -g3 -DUSE_HAL_DRIVER -DDEBUG -DSTM32F429xx -c -I../../Core/Inc -I../../Drivers/CMSIS/Include -I../../Drivers/BSP -I../../TouchGFX/target -I../../Drivers/CMSIS/Device/ST/STM32F4xx/Include -I../../TouchGFX/App -I../../Middlewares/Third_Party/FreeRTOS/Source/CMSIS_RTOS_V2 -I../../TouchGFX/target/generated -I../../Middlewares/Third_Party/FreeRTOS/Source/include -I../../Drivers/STM32F4xx_HAL_Driver/Inc/Legacy -I../../Middlewares/Third_Party/FreeRTOS/Source/portable/GCC/ARM_CM4F -I../../Drivers/STM32F4xx_HAL_Driver/Inc -I../../Middlewares/ST/touchgfx/framework/include -I../../TouchGFX/generated/fonts/include -I../../TouchGFX/generated/gui_generated/include -I../../TouchGFX/generated/images/include -I../../TouchGFX/generated/texts/include -I../../TouchGFX/generated/videos/include -I../../TouchGFX/gui/include -Os -ffunction-sections -fdata-sections -Wall -fstack-usage -MMD -MP -MF"Application/User/freertos.d" -MT"Application/User/freertos.o" --specs=nano.specs -mfpu=fpv4-sp-d16 -mfloat-abi=hard -mthumb -o "Application/User/freertos.o"
arm-none-eabi-gcc "C:/TouchGFXProjects/RRR/Core/Src/main.c" -mcpu=cortex-m4 -std=gnu11 -g3 -DUSE_HAL_DRIVER -DDEBUG -DSTM32F429xx -c -I../../Core/Inc -I../../Drivers/CMSIS/Include -I../../Drivers/BSP -I../../TouchGFX/target -I../../Drivers/CMSIS/Device/ST/STM32F4xx/Include -I../../TouchGFX/App -I../../Middlewares/Third_Party/FreeRTOS/Source/CMSIS_RTOS_V2 -I../../TouchGFX/target/generated -I../../Middlewares/Third_Party/FreeRTOS/Source/include -I../../Drivers/STM32F4xx_HAL_Driver/Inc/Legacy -I../../Middlewares/Third_Party/FreeRTOS/Source/portable/GCC/ARM_CM4F -I../../Drivers/STM32F4xx_HAL_Driver/Inc -I../../Middlewares/ST/touchgfx/framework/include -I../../TouchGFX/generated/fonts/include -I../../TouchGFX/generated/gui_generated/include -I../../TouchGFX/generated/images/include -I../../TouchGFX/generated/texts/include -I../../TouchGFX/generated/videos/include -I../../TouchGFX/gui/include -Os -ffunction-sections -fdata-sections -Wall -fstack-usage -MMD -MP -MF"Application/User/main.d" -MT"Application/User/main.o" --specs=nano.specs -mfpu=fpv4-sp-d16 -mfloat-abi=hard -mthumb -o "Application/User/main.o"
arm-none-eabi-gcc "C:/TouchGFXProjects/RRR/Core/Src/stm32f4xx_hal_msp.c" -mcpu=cortex-m4 -std=gnu11 -g3 -DUSE_HAL_DRIVER -DDEBUG -DSTM32F429xx -c -I../../Core/Inc -I../../Drivers/CMSIS/Include -I../../Drivers/BSP -I../../TouchGFX/target -I../../Drivers/CMSIS/Device/ST/STM32F4xx/Include -I../../TouchGFX/App -I../../Middlewares/Third_Party/FreeRTOS/Source/CMSIS_RTOS_V2 -I../../TouchGFX/target/generated -I../../Middlewares/Third_Party/FreeRTOS/Source/include -I../../Drivers/STM32F4xx_HAL_Driver/Inc/Legacy -I../../Middlewares/Third_Party/FreeRTOS/Source/portable/GCC/ARM_CM4F -I../../Drivers/STM32F4xx_HAL_Driver/Inc -I../../Middlewares/ST/touchgfx/framework/include -I../../TouchGFX/generated/fonts/include -I../../TouchGFX/generated/gui_generated/include -I../../TouchGFX/generated/images/include -I../../TouchGFX/generated/texts/include -I../../TouchGFX/generated/videos/include -I../../TouchGFX/gui/include -Os -ffunction-sections -fdata-sections -Wall -fstack-usage -MMD -MP -MF"Application/User/stm32f4xx_hal_msp.d" -MT"Application/User/stm32f4xx_hal_msp.o" --specs=nano.specs -mfpu=fpv4-sp-d16 -mfloat-abi=hard -mthumb -o "Application/User/stm32f4xx_hal_msp.o"
arm-none-eabi-gcc "C:/TouchGFXProjects/RRR/Core/Src/stm32f4xx_hal_timebase_tim.c" -mcpu=cortex-m4 -std=gnu11 -g3 -DUSE_HAL_DRIVER -DDEBUG -DSTM32F429xx -c -I../../Core/Inc -I../../Drivers/CMSIS/Include -I../../Drivers/BSP -I../../TouchGFX/target -I../../Drivers/CMSIS/Device/ST/STM32F4xx/Include -I../../TouchGFX/App -I../../Middlewares/Third_Party/FreeRTOS/Source/CMSIS_RTOS_V2 -I../../TouchGFX/target/generated -I../../Middlewares/Third_Party/FreeRTOS/Source/include -I../../Drivers/STM32F4xx_HAL_Driver/Inc/Legacy -I../../Middlewares/Third_Party/FreeRTOS/Source/portable/GCC/ARM_CM4F -I../../Drivers/STM32F4xx_HAL_Driver/Inc -I../../Middlewares/ST/touchgfx/framework/include -I../../TouchGFX/generated/fonts/include -I../../TouchGFX/generated/gui_generated/include -I../../TouchGFX/generated/images/include -I../../TouchGFX/generated/texts/include -I../../TouchGFX/generated/videos/include -I../../TouchGFX/gui/include -Os -ffunction-sections -fdata-sections -Wall -fstack-usage -MMD -MP -MF"Application/User/stm32f4xx_hal_timebase_tim.d" -MT"Application/User/stm32f4xx_hal_timebase_tim.o" --specs=nano.specs -mfpu=fpv4-sp-d16 -mfloat-abi=hard -mthumb -o "Application/User/stm32f4xx_hal_timebase_tim.o"
arm-none-eabi-gcc "C:/TouchGFXProjects/RRR/Core/Src/stm32f4xx_it.c" -mcpu=cortex-m4 -std=gnu11 -g3 -DUSE_HAL_DRIVER -DDEBUG -DSTM32F429xx -c -I../../Core/Inc -I../../Drivers/CMSIS/Include -I../../Drivers/BSP -I../../TouchGFX/target -I../../Drivers/CMSIS/Device/ST/STM32F4xx/Include -I../../TouchGFX/App -I../../Middlewares/Third_Party/FreeRTOS/Source/CMSIS_RTOS_V2 -I../../TouchGFX/target/generated -I../../Middlewares/Third_Party/FreeRTOS/Source/include -I../../Drivers/STM32F4xx_HAL_Driver/Inc/Legacy -I../../Middlewares/Third_Party/FreeRTOS/Source/portable/GCC/ARM_CM4F -I../../Drivers/STM32F4xx_HAL_Driver/Inc -I../../Middlewares/ST/touchgfx/framework/include -I../../TouchGFX/generated/fonts/include -I../../TouchGFX/generated/gui_generated/include -I../../TouchGFX/generated/images/include -I../../TouchGFX/generated/texts/include -I../../TouchGFX/generated/videos/include -I../../TouchGFX/gui/include -Os -ffunction-sections -fdata-sections -Wall -fstack-usage -MMD -MP -MF"Application/User/stm32f4xx_it.d" -MT"Application/User/stm32f4xx_it.o" --specs=nano.specs -mfpu=fpv4-sp-d16 -mfloat-abi=hard -mthumb -o "Application/User/stm32f4xx_it.o"
arm-none-eabi-g++ -o "STM32CubeIDE.elf" @"objects.list"  -l:libtouchgfx-float-abi-hard.a -mcpu=cortex-m4 -T"C:\TouchGFXProjects\RRR\STM32CubeIDE\STM32F429ZITX_FLASH.ld" --specs=nosys.specs -Wl,-Map="STM32CubeIDE.map" -Wl,--gc-sections -static -LC:/TouchGFXProjects/RRR/Middlewares/ST/touchgfx/lib/core/cortex_m4f/gcc --specs=nano.specs -mfpu=fpv4-sp-d16 -mfloat-abi=hard -mthumb -Wl,--start-group -lc -lm -lstdc++ -lsupc++ -Wl,--end-group
Finished building target: STM32CubeIDE.elf
 
arm-none-eabi-size   STM32CubeIDE.elf 
arm-none-eabi-objdump -h -S  STM32CubeIDE.elf  > "STM32CubeIDE.list"
arm-none-eabi-objcopy  -O ihex  STM32CubeIDE.elf  "STM32CubeIDE.hex"
   text	   data	    bss	    dec	    hex	filename
 409554	    384	 391772	 801710	  c3bae	STM32CubeIDE.elf
Finished building: default.size.stdout
 
Finished building: STM32CubeIDE.hex
 
Finished building: STM32CubeIDE.list
 
11:10:26 **** Incremental Build of configuration Debug for project STM32CubeIDE ****
make -j8 all 
arm-none-eabi-g++ "C:/TouchGFXProjects/RRR/TouchGFX/gui/src/racescreen_screen/RaceScreenView.cpp" -mcpu=cortex-m4 -std=gnu++14 -g3 -DUSE_HAL_DRIVER -DDEBUG -DSTM32F429xx -c -I../../Core/Inc -I../../Drivers/CMSIS/Include -I../../Drivers/BSP -I../../TouchGFX/target -I../../Drivers/CMSIS/Device/ST/STM32F4xx/Include -I../../TouchGFX/App -I../../Middlewares/Third_Party/FreeRTOS/Source/CMSIS_RTOS_V2 -I../../TouchGFX/target/generated -I../../Middlewares/Third_Party/FreeRTOS/Source/include -I../../Drivers/STM32F4xx_HAL_Driver/Inc/Legacy -I../../Middlewares/Third_Party/FreeRTOS/Source/portable/GCC/ARM_CM4F -I../../Drivers/STM32F4xx_HAL_Driver/Inc -I../../Middlewares/ST/touchgfx/framework/include -I../../TouchGFX/generated/fonts/include -I../../TouchGFX/generated/gui_generated/include -I../../TouchGFX/generated/images/include -I../../TouchGFX/generated/texts/include -I../../TouchGFX/generated/videos/include -I../../TouchGFX/gui/include -Os -ffunction-sections -fdata-sections -fno-exceptions -fno-rtti -fno-use-cxa-atexit -Wall -femit-class-debug-always -fstack-usage -MMD -MP -MF"Application/User/gui/RaceScreenView.d" -MT"Application/User/gui/RaceScreenView.o" --specs=nano.specs -mfpu=fpv4-sp-d16 -mfloat-abi=hard -mthumb -o "Application/User/gui/RaceScreenView.o"
arm-none-eabi-g++ -o "STM32CubeIDE.elf" @"objects.list"  -l:libtouchgfx-float-abi-hard.a -mcpu=cortex-m4 -T"C:\TouchGFXProjects\RRR\STM32CubeIDE\STM32F429ZITX_FLASH.ld" --specs=nosys.specs -Wl,-Map="STM32CubeIDE.map" -Wl,--gc-sections -static -LC:/TouchGFXProjects/RRR/Middlewares/ST/touchgfx/lib/core/cortex_m4f/gcc --specs=nano.specs -mfpu=fpv4-sp-d16 -mfloat-abi=hard -mthumb -Wl,--start-group -lc -lm -lstdc++ -lsupc++ -Wl,--end-group
Finished building target: STM32CubeIDE.elf
 
arm-none-eabi-size   STM32CubeIDE.elf 
arm-none-eabi-objdump -h -S  STM32CubeIDE.elf  > "STM32CubeIDE.list"
arm-none-eabi-objcopy  -O ihex  STM32CubeIDE.elf  "STM32CubeIDE.hex"
   text	   data	    bss	    dec	    hex	filename
 409554	    384	 391772	 801710	  c3bae	STM32CubeIDE.elf
Finished building: default.size.stdout
 
Finished building: STM32CubeIDE.hex
 
Finished building: STM32CubeIDE.list
 
11:10:40 **** Incremental Build of configuration Debug for project STM32CubeIDE ****
make -j8 all 
arm-none-eabi-size   STM32CubeIDE.elf 
   text	   data	    bss	    dec	    hex	filename
 409554	    384	 391772	 801710	  c3bae	STM32CubeIDE.elf
Finished building: default.size.stdout
 
